<html>
<body>
<pre>
<h1>礦ision Build Log</h1>
<h2>Tool Versions:</h2>
IDE-Version: μVision V5.21.1.0
Copyright (C) 2016 ARM Ltd and ARM Germany GmbH. All rights reserved.
License Information: 22 2, 2, LIC=V8574-FX1HY-WJD6K-ZW231-GH9ED-JW8K9
 
Tool Versions:
Toolchain:       MDK-ARM Professional  Version: 5.21a
Toolchain Path:  H:\MDK5\ARM\ARMCC\Bin
C Compiler:      Armcc.exe V5.06 update 3 (build 300)
Assembler:       Armasm.exe V5.06 update 3 (build 300)
Linker/Locator:  ArmLink.exe V5.06 update 3 (build 300)
Library Manager: ArmAr.exe V5.06 update 3 (build 300)
Hex Converter:   FromElf.exe V5.06 update 3 (build 300)
CPU DLL:         SARMCM3.DLL V5.21a
Dialog DLL:      DCM.DLL V1.13.8.0
Target DLL:      Segger\JL2CM3.dll V2.99.23.0
Dialog DLL:      TCM.DLL V1.14.14.0
 
<h2>Project:</h2>
J:\电赛\CUBETEST\gimbalnuaa_v1\MDK-ARM\gimbalnuaa_v1.uvprojx
Project File Date:  02/02/2018

<h2>Output:</h2>
*** Using Compiler 'V5.06 update 3 (build 300)', folder: 'H:\MDK5\ARM\ARMCC\Bin'
Build target 'gimbalnuaa_v1'
compiling stm32f4xx_hal_cortex.c...
compiling stm32f4xx_hal_flash.c...
compiling stm32f4xx_hal_dma_ex.c...
compiling stm32f4xx_hal_flash_ex.c...
compiling stm32f4xx_hal_dma.c...
compiling stm32f4xx_hal_pwr_ex.c...
compiling stm32f4xx_hal_tim_ex.c...
compiling stm32f4xx_hal_rcc.c...
compiling stm32f4xx_hal_tim.c...
compiling stm32f4xx_hal_flash_ramfunc.c...
compiling stm32f4xx_hal_rcc_ex.c...
compiling stm32f4xx_hal_gpio.c...
compiling stm32f4xx_hal.c...
compiling stm32f4xx_hal_pwr.c...
compiling stm32f4xx_hal_uart.c...
compiling stm32f4xx_hal_msp.c...
compiling stm32f4xx_it.c...
compiling main.c...
compiling delay.c...
compiling gpio.c...
compiling myiic.c...
compiling system_stm32f4xx.c...
compiling usart.c...
compiling tim.c...
assembling startup_stm32f407xx.s...
compiling mpu6050_driver.c...
compiling imu.c...
linking...
Program Size: Code=6856 RO-data=448 RW-data=120 ZI-data=1256  
"gimbalnuaa_v1\gimbalnuaa_v1.axf" - 0 Error(s), 0 Warning(s).

<h2>Software Packages used:</h2>

Package Vendor: ARM
                http://www.keil.com/pack/ARM.CMSIS.4.5.0.pack
                ARM::CMSIS:CORE:4.3.0
                CMSIS (Cortex Microcontroller Software Interface Standard)
   * Component: CORE Version: 4.3.0

<h2>Collection of Component include folders:</h2>
  J:\电赛\CUBETEST\gimbalnuaa_v1\MDK-ARM\RTE
  H:\MDK5\ARM\PACK\ARM\CMSIS\4.5.0\CMSIS\Include
  H:\MDK5\ARM\PACK\Keil\STM32F4xx_DFP\2.11.0\Drivers\CMSIS\Device\ST\STM32F4xx\Include

<h2>Collection of Component Files used:</h2>

   * Component: ARM::CMSIS:CORE:4.3.0
Build Time Elapsed:  00:01:22
</pre>
</body>
</html>
